// Jest Snapshot v1, https://goo.gl/fbAQLP

exports[`Home Renders the Component 1`] = `null`;
