// Jest Snapshot v1, https://goo.gl/fbAQLP

exports[`NewReminderFormModal Renders the Component 1`] = `
<button
  className="nextButton  btn btn-primary"
  disabled={false}
  onClick={[Function]}
  type="button"
>
  +
</button>
`;
