// Jest Snapshot v1, https://goo.gl/fbAQLP

exports[`Profile Renders the Component 1`] = `null`;
